{'categorical_stats': {'gender': {'top_values': [{'count': 5,
                                                  'percentage': 50.0,
                                                  'value': 'Female'},
                                                 {'count': 4,
                                                  'percentage': 40.0,
                                                  'value': 'Male'},
                                                 {'count': 1,
                                                  'percentage': 10.0,
                                                  'value': 'Missing/Null'}],
                                  'unique_count': 2},
                       'purchased': {'top_values': [{'count': 6,
                                                     'percentage': 60.0,
                                                     'value': 'Yes'},
                                                    {'count': 4,
                                                     'percentage': 40.0,
                                                     'value': 'No'}],
                                     'unique_count': 2}},
 'correlation_matrix': {'age': {'age': 1.0,
                                'income': 0.9930974036316867,
                                'rating': 0.5529486476218962},
                        'income': {'age': 0.9930974036316867,
                                   'income': 1.0,
                                   'rating': 0.6093654348528256},
                        'rating': {'age': 0.5529486476218962,
                                   'income': 0.6093654348528256,
                                   'rating': 1.0}},
 'dtypes': {'age': 'int64',
            'gender': 'object',
            'income': 'int64',
            'purchased': 'object',
            'rating': 'float64'},
 'null_info': {'age': {'count': 0, 'percentage': 0.0},
               'gender': {'count': 1, 'percentage': 10.0},
               'income': {'count': 0, 'percentage': 0.0},
               'purchased': {'count': 0, 'percentage': 0.0},
               'rating': {'count': 2, 'percentage': 20.0}},
 'numeric_stats': {'age': {'25%': 29.25,
                           '50%': 33.0,
                           '75%': 40.25,
                           'count': 10,
                           'max': 54.0,
                           'mean': 35.0,
                           'min': 22.0,
                           'std': 9.72967967955095},
                   'income': {'25%': 56250.0,
                              '50%': 71000.0,
                              '75%': 93750.0,
                              'count': 10,
                              'max': 140000.0,
                              'mean': 78700.0,
                              'min': 35000.0,
                              'std': 32968.16646403012},
                   'rating': {'25%': 3.95,
                              '50%': 4.15,
                              '75%': 4.575,
                              'count': 8,
                              'max': 5.0,
                              'mean': 4.175,
                              'min': 3.0,
                              'std': 0.6250714244902623}},
 'summary': {'categorical_columns_count': 2,
             'columns': 5,
             'numeric_columns_count': 3,
             'rows': 10}}